[colorlib.com/preview/theme/bulkapp/index.html]
[colorlib.com/preview/theme/bulkapp/img/favicon.png]
[backblue.gif]
[fade.gif]
[index.html]
[colorlib.com/preview/theme/bulkapp/css/bootstrap.css]
[colorlib.com/preview/theme/bulkapp/vendors/linericon/style.css]
[colorlib.com/preview/theme/bulkapp/css/font-awesome.min.css]
[colorlib.com/preview/theme/bulkapp/vendors/owl-carousel/owl.carousel.min.css]
[colorlib.com/preview/theme/bulkapp/vendors/lightbox/simpleLightbox.css]
[colorlib.com/preview/theme/bulkapp/vendors/nice-select/css/nice-select.css]
[colorlib.com/preview/theme/bulkapp/vendors/animate-css/animate.css]
[colorlib.com/preview/theme/bulkapp/vendors/popup/magnific-popup.css]
[colorlib.com/preview/theme/bulkapp/css/style.css]
[colorlib.com/preview/theme/bulkapp/css/responsive.css]
[colorlib.com/preview/theme/bulkapp/index-2.html]
[colorlib.com/preview/theme/bulkapp/img/logo.png]
[colorlib.com/preview/theme/bulkapp/blog.html]
[colorlib.com/preview/theme/bulkapp/elements.html]
[colorlib.com/preview/theme/bulkapp/single-blog.html]
[colorlib.com/preview/theme/bulkapp/contact.html]
[colorlib.com/preview/theme/bulkapp/img/banner/right-mobile.png]
[colorlib.com/preview/theme/bulkapp/img/icon/f-icon-1.png]
[colorlib.com/preview/theme/bulkapp/img/interior-1.png]
[colorlib.com/preview/theme/bulkapp/img/interior-2.png]
[colorlib.com/preview/theme/bulkapp/img/video-1.png]
[colorlib.com/preview/theme/bulkapp/img/icon/video-icon-1.png]
[colorlib.com/preview/theme/bulkapp/img/feature/feature-1.jpg]
[colorlib.com/preview/theme/bulkapp/img/feature/feature-2.jpg]
[colorlib.com/preview/theme/bulkapp/img/feature/feature-3.jpg]
[colorlib.com/preview/theme/bulkapp/img/feature/feature-4.jpg]
[colorlib.com/preview/theme/bulkapp/img/testimonials/testi-1.png]
[colorlib.com/preview/theme/bulkapp/img/testimonials/testi-2.png]
[colorlib.com/preview/theme/bulkapp/img/instagram/Image-01.jpg]
[colorlib.com/preview/theme/bulkapp/img/instagram/Image-02.jpg]
[colorlib.com/preview/theme/bulkapp/img/instagram/Image-03.jpg]
[colorlib.com/preview/theme/bulkapp/img/instagram/Image-04.jpg]
[colorlib.com/preview/theme/bulkapp/img/instagram/Image-05.jpg]
[colorlib.com/preview/theme/bulkapp/img/instagram/Image-06.jpg]
[colorlib.com/preview/theme/bulkapp/img/instagram/Image-07.jpg]
[colorlib.com/preview/theme/bulkapp/img/instagram/Image-08.jpg]
[colorlib.com/preview/theme/bulkapp/js/jquery-3.2.1.min.js]
[colorlib.com/preview/theme/bulkapp/js/popper.js]
[colorlib.com/preview/theme/bulkapp/js/bootstrap.min.js]
[colorlib.com/preview/theme/bulkapp/js/stellar.js]
[colorlib.com/preview/theme/bulkapp/vendors/lightbox/simpleLightbox.min.js]
[colorlib.com/preview/theme/bulkapp/vendors/nice-select/js/jquery.nice-select.min.js]
[colorlib.com/preview/theme/bulkapp/vendors/isotope/imagesloaded.pkgd.min.js]
[colorlib.com/preview/theme/bulkapp/vendors/isotope/isotope-min.js]
[colorlib.com/preview/theme/bulkapp/vendors/owl-carousel/owl.carousel.min.js]
[colorlib.com/preview/theme/bulkapp/js/jquery.ajaxchimp.min.js]
[colorlib.com/preview/theme/bulkapp/vendors/counter-up/jquery.waypoints.min.js]
[colorlib.com/preview/theme/bulkapp/vendors/counter-up/jquery.counterup.js]
[colorlib.com/preview/theme/bulkapp/js/mail-script.js]
[colorlib.com/preview/theme/bulkapp/vendors/popup/jquery.magnific-popup.min.js]
[colorlib.com/preview/theme/bulkapp/js/theme.js]
[colorlib.com/preview/theme/bulkapp/index.html]
[colorlib.com/preview/theme/bulkapp/css/bootstrap.css]
[ajax.cloudflare.com/cdn-cgi/scripts/95c75768/cloudflare-static/rocket-loader.min.js]
[colorlib.com/preview/theme/bulkapp/vendors/linericon/fonts/Linearicons-Free54e9.eot]
[colorlib.com/preview/theme/bulkapp/vendors/linericon/fonts/Linearicons-Freed41d.eot]
[colorlib.com/preview/theme/bulkapp/vendors/linericon/fonts/Linearicons-Free54e9.woff2]
[colorlib.com/preview/theme/bulkapp/vendors/linericon/fonts/Linearicons-Free54e9.woff]
[colorlib.com/preview/theme/bulkapp/vendors/linericon/fonts/Linearicons-Free54e9.ttf]
[colorlib.com/preview/theme/bulkapp/vendors/linericon/style.css]
[colorlib.com/preview/theme/bulkapp/vendors/linericon/fonts/Linearicons-Free54e9.svg]
[colorlib.com/preview/theme/bulkapp/fonts/fontawesome-webfont3295.eot]
[colorlib.com/preview/theme/bulkapp/fonts/fontawesome-webfontd41d.eot]
[colorlib.com/preview/theme/bulkapp/fonts/fontawesome-webfont3295.woff2]
[colorlib.com/preview/theme/bulkapp/fonts/fontawesome-webfont3295.woff]
[colorlib.com/preview/theme/bulkapp/css/font-awesome.min.css]
[colorlib.com/preview/theme/bulkapp/vendors/owl-carousel/owl.video.play.png]
[colorlib.com/preview/theme/bulkapp/vendors/owl-carousel/owl.carousel.min.css]
[colorlib.com/preview/theme/bulkapp/vendors/lightbox/simpleLightbox.css]
[colorlib.com/preview/theme/bulkapp/vendors/nice-select/css/nice-select.css]
[colorlib.com/preview/theme/bulkapp/vendors/animate-css/animate.css]
[colorlib.com/preview/theme/bulkapp/vendors/popup/magnific-popup.css]
[colorlib.com/preview/theme/bulkapp/fonts/fontawesome-webfont3295.svg]
[colorlib.com/preview/theme/bulkapp/img/banner/home-banner.jpg]
[colorlib.com/preview/theme/bulkapp/fonts/fontawesome-webfont3295.ttf]
[colorlib.com/preview/theme/bulkapp/img/banner/banner-2.jpg]
[colorlib.com/preview/theme/bulkapp/img/contact-shap-1.png]
[colorlib.com/preview/theme/bulkapp/img/contact-shap-2.png]
[colorlib.com/preview/theme/bulkapp/img/elements/primary-check.png]
[colorlib.com/preview/theme/bulkapp/img/elements/success-check.png]
[colorlib.com/preview/theme/bulkapp/img/elements/disabled-check.png]
[colorlib.com/preview/theme/bulkapp/img/elements/primary-radio.png]
[colorlib.com/preview/theme/bulkapp/img/elements/success-radio.png]
[colorlib.com/preview/theme/bulkapp/img/elements/disabled-radio.png]
[colorlib.com/preview/theme/bulkapp/css/style.css]
[colorlib.com/preview/theme/bulkapp/css/responsive.css]
[colorlib.com/preview/theme/bulkapp/index-2.html]
[colorlib.com/preview/theme/bulkapp/img/elements/d.jpg]
[colorlib.com/preview/theme/bulkapp/img/elements/f1.jpg]
[colorlib.com/preview/theme/bulkapp/img/elements/f2.jpg]
[colorlib.com/preview/theme/bulkapp/img/elements/f3.jpg]
[colorlib.com/preview/theme/bulkapp/img/elements/f4.jpg]
[colorlib.com/preview/theme/bulkapp/img/elements/f5.jpg]
[colorlib.com/preview/theme/bulkapp/img/elements/f6.jpg]
[colorlib.com/preview/theme/bulkapp/img/elements/f7.jpg]
[colorlib.com/preview/theme/bulkapp/img/elements/f8.jpg]
[colorlib.com/preview/theme/bulkapp/img/elements/g1.jpg]
[colorlib.com/preview/theme/bulkapp/img/elements/g2.jpg]
[colorlib.com/preview/theme/bulkapp/img/elements/g3.jpg]
[colorlib.com/preview/theme/bulkapp/img/elements/g4.jpg]
[colorlib.com/preview/theme/bulkapp/img/elements/g5.jpg]
[colorlib.com/preview/theme/bulkapp/img/elements/g6.jpg]
[colorlib.com/preview/theme/bulkapp/img/elements/g7.jpg]
[colorlib.com/preview/theme/bulkapp/img/elements/g8.jpg]
[colorlib.com/preview/theme/bulkapp/elements.html]
[colorlib.com/preview/theme/bulkapp/img/blog/cat-post/cat-post-3.jpg]
[colorlib.com/preview/theme/bulkapp/vendors/jquery-ui/jquery-ui.js]
[colorlib.com/preview/theme/bulkapp/blog-details.html]
[colorlib.com/preview/theme/bulkapp/img/blog/cat-post/cat-post-2.jpg]
[colorlib.com/preview/theme/bulkapp/img/blog/cat-post/cat-post-1.jpg]
[colorlib.com/preview/theme/bulkapp/img/blog/main-blog/m-blog-1.jpg]
[colorlib.com/preview/theme/bulkapp/img/blog/main-blog/m-blog-2.jpg]
[colorlib.com/preview/theme/bulkapp/img/blog/main-blog/m-blog-3.jpg]
[colorlib.com/preview/theme/bulkapp/img/blog/main-blog/m-blog-4.jpg]
[colorlib.com/preview/theme/bulkapp/img/blog/main-blog/m-blog-5.jpg]
[colorlib.com/preview/theme/bulkapp/img/blog/author.png]
[colorlib.com/preview/theme/bulkapp/img/blog/popular-post/post1.jpg]
[colorlib.com/preview/theme/bulkapp/img/blog/popular-post/post2.jpg]
[colorlib.com/preview/theme/bulkapp/img/blog/popular-post/post3.jpg]
[colorlib.com/preview/theme/bulkapp/img/blog/popular-post/post4.jpg]
[colorlib.com/preview/theme/bulkapp/img/blog/add.jpg]
[colorlib.com/preview/theme/bulkapp/blog.html]
[colorlib.com/preview/theme/bulkapp/img/blog/feature-img1.jpg]
[colorlib.com/preview/theme/bulkapp/img/blog/post-img1.jpg]
[colorlib.com/preview/theme/bulkapp/img/blog/post-img2.jpg]
[colorlib.com/preview/theme/bulkapp/img/blog/prev.jpg]
[colorlib.com/preview/theme/bulkapp/img/blog/next.jpg]
[colorlib.com/preview/theme/bulkapp/img/blog/c1.jpg]
[colorlib.com/preview/theme/bulkapp/img/blog/c2.jpg]
[colorlib.com/preview/theme/bulkapp/img/blog/c3.jpg]
[colorlib.com/preview/theme/bulkapp/img/blog/c4.jpg]
[colorlib.com/preview/theme/bulkapp/img/blog/c5.jpg]
[colorlib.com/preview/theme/bulkapp/single-blog.html]
[colorlib.com/cdn-cgi/scripts/5c5dd728/cloudflare-static/email-decode.min.js]
[colorlib.com/preview/theme/bulkapp/js/jquery.validate.min.js]
[colorlib.com/preview/theme/bulkapp/js/jquery.form.js]
[colorlib.com/preview/theme/bulkapp/js/contact.js]
[colorlib.com/preview/theme/bulkapp/contact.html]
[colorlib.com/preview/theme/bulkapp/vendors/linericon/fonts/Linearicons-Free54e9.svg]
[colorlib.com/preview/theme/bulkapp/fonts/fontawesome-webfont3295.svg]
[colorlib.com/preview/theme/bulkapp/vendors/owl-carousel/owl.video.play.html]
[colorlib.com/preview/theme/bulkapp/img/contact-shap-1.html]
[colorlib.com/preview/theme/bulkapp/img/contact-shap-2.html]
[colorlib.com/preview/theme/bulkapp/blog-details.html]
[colorlib.com/preview/theme/bulkapp/js/gmaps.min.js]
